// Jest Snapshot v1, https://goo.gl/fbAQLP

exports[`Main snapshot test 1`] = `
<div>
  <nav
    className="navbar navbar-expand navbar-dark bg-dark"
  >
    <a
      className="navbar-brand"
      href="/"
    >
      Itunes Search
    </a>
    <div
      className="mr-auto navbar-nav"
      onKeyDown={[Function]}
    />
  </nav>
</div>
`;
